// Jest Snapshot v1, https://goo.gl/fbAQLP

exports[`Select renders correctly 1`] = `
<select>
  <option
    value="one"
  >
    one
  </option>
  <option
    value="two"
  >
    two
  </option>
  <option
    value="three"
  >
    three
  </option>
</select>
`;
